% Preprocessing class: FSSSSMSSSSSNFFN.
% Configuration: G-E--_302_C18_F1_URBAN_RG_S04BN
% (lift_lambdas = 1, lambda_to_forall = 1,unroll_only_formulas = 1, sine = Auto)
% No SInE strategy applied
% Search class: FUUPF-FFSF22-MFFFFFNN
% Configuration: G-E--_209_C18_F1_AE_CS_SP_PI_S0Y
% Initializing proof state
% Scanning for AC axioms
%
%cnf(i_0_1, plain, (f(f(f(X1,X2),X1),f(X2,X3))=X1)).
%
%cnf(i_0_2, negated_conjecture, (f(f(f(esk1_0,esk1_0),f(esk2_0,esk3_0)),esk2_0)!=esk1_0)).
%
%cnf(i_0_5, plain, (f(X1,f(X1,X2))=f(X1,X1))).
%
%cnf(i_0_4, plain, (f(f(f(X1,f(f(X2,X3),X2)),X1),X2)=X1)).
%
%cnf(i_0_6, plain, (f(f(f(X1,X1),X1),f(f(X1,X2),X3))=X1)).
%
%cnf(i_0_22, plain, (f(f(f(X1,X1),X1),X1)=X1)).
%
%cnf(i_0_27, plain, (f(f(X1,f(f(X1,X1),X1)),X1)=f(f(X1,X1),X1))).
%
%cnf(i_0_44, plain, (f(X1,f(f(X1,X1),X1))=f(X1,X1))).
%
%cnf(i_0_23, plain, (f(f(X1,X1),f(X1,X4))=f(f(X1,X1),X1))).
%
%cnf(i_0_62, plain, (f(X1,f(f(X1,X2),X3))=f(X1,X1))).
%
%cnf(i_0_72, plain, (f(f(X1,X2),f(X1,X2))=f(f(X1,X2),X1))).
%%
%cnf(i_0_64, plain, (f(X1,f(f(f(X1,X1),X1),X3))=f(X1,X1))).
%
%cnf(i_0_68, plain, (f(X1,f(f(f(X1,X1),X2),X3))=f(X1,X1))).
%%
%cnf(i_0_83, plain, (f(f(f(X1,X1),X1),f(f(f(X1,X2),X3),X4))=X1)).
%
%cnf(i_0_180, plain, (f(f(X1,X1),f(f(X1,X5),X6))=f(f(X1,X1),X1))).
%
%cnf(i_0_219, plain, (f(X1,f(f(f(X1,X2),X3),X4))=f(X1,X1))).
%
%cnf(i_0_294, plain, (f(f(X1,X2),f(X1,X4))=f(f(X1,X2),X1))).
%%%
%cnf(i_0_226, plain, (f(X1,f(f(f(f(X1,X1),X1),X4),X5))=f(X1,X1))).
%%
%cnf(i_0_253, plain, (f(f(f(X1,X2),X1),f(X1,X2))=f(f(f(X1,X2),X1),X1))).
%
%cnf(i_0_400, plain, (f(f(f(f(X1,X2),X1),X1),f(X1,X3))=f(X1,X2))).
%%%
%cnf(i_0_19, plain, (f(f(f(f(X1,X2),X1),X1),X1)=f(X1,X2))).
%
%cnf(i_0_488, plain, (f(f(f(X1,X2),X1),f(X1,X3))=f(f(f(X1,X2),X1),X1))).
%
%cnf(i_0_576, plain, (f(f(X1,X1),f(f(f(X1,X2),X1),X4))=f(f(X1,X1),X1))).
%
%cnf(i_0_588, plain, (f(X1,f(f(f(f(X1,X2),X1),X3),X4))=f(X1,X1))).
%%%%
%cnf(i_0_437, plain, (f(f(f(f(X1,X2),X1),X1),f(f(X1,X2),X1))=f(X1,X2))).
%%%%%%%%
%cnf(i_0_548, plain, (f(f(f(f(X1,X2),X1),X1),f(f(X1,X2),X3))=f(X1,X2))).
%%%%%
%cnf(i_0_18, plain, (f(f(X1,f(X2,X3)),X1)=f(f(X1,X1),X2))).
%
%cnf(i_0_4, plain, (f(f(f(X1,X1),f(X2,X3)),X2)=X1)).

% Proof found!
% SZS status Theorem
% SZS output start CNFRefutation
fof(hypothesis, axiom, ![X1, X2, X3]:(X1=f(f(f(X1,X2),X1),f(X2,X3))), file('analysis/remaining_true_atp_export/true_2055_2656/true_2055_2656.p', hypothesis)).
fof(goal, conjecture, ![X1, X2, X3]:(X1=f(f(f(X1,X1),f(X2,X3)),X2)), file('analysis/remaining_true_atp_export/true_2055_2656/true_2055_2656.p', goal)).
fof(c_0_2, plain, ![X4, X5, X6]:(X4=f(f(f(X4,X5),X4),f(X5,X6))), inference(variable_rename,[status(thm)],[hypothesis])).
cnf(c_0_3, plain, (X1=f(f(f(X1,X2),X1),f(X2,X3))), inference(split_conjunct,[status(thm)],[c_0_2])).
cnf(c_0_4, plain, (f(X1,f(X1,X2))=f(X1,X1)), inference(spm,[status(thm)],[c_0_3, c_0_3])).
cnf(c_0_5, plain, (f(f(f(X1,f(f(X2,X3),X2)),X1),X2)=X1), inference(spm,[status(thm)],[c_0_3, c_0_3])).
cnf(c_0_6, plain, (f(f(f(X1,X1),X1),f(f(X1,X2),X3))=X1), inference(spm,[status(thm)],[c_0_3, c_0_4])).
cnf(c_0_7, plain, (f(f(X1,f(f(X1,X1),X1)),X1)=f(f(X1,X1),X1)), inference(spm,[status(thm)],[c_0_5, c_0_6])).
cnf(c_0_8, plain, (f(X1,f(f(X1,X1),X1))=f(X1,X1)), inference(rw,[status(thm)],[inference(rw,[status(thm)],[inference(spm,[status(thm)],[c_0_3, c_0_7]), c_0_3]), c_0_4])).
cnf(c_0_9, plain, (f(f(X1,X1),f(X1,X2))=f(f(X1,X1),X1)), inference(rw,[status(thm)],[inference(rw,[status(thm)],[inference(spm,[status(thm)],[c_0_6, c_0_6]), c_0_6]), c_0_8])).
fof(c_0_10, negated_conjecture, ~(![X1, X2, X3]:(X1=f(f(f(X1,X1),f(X2,X3)),X2))), inference(assume_negation,[status(cth)],[goal])).
cnf(c_0_11, plain, (f(X1,f(f(X1,X2),X3))=f(X1,X1)), inference(rw,[status(thm)],[inference(spm,[status(thm)],[c_0_3, c_0_9]), c_0_3])).
fof(c_0_12, negated_conjecture, esk1_0!=f(f(f(esk1_0,esk1_0),f(esk2_0,esk3_0)),esk2_0), inference(fof_nnf,[status(thm)],[inference(skolemize,[status(esa)],[inference(variable_rename,[status(thm)],[inference(fof_nnf,[status(thm)],[c_0_10])])])])).
cnf(c_0_13, plain, (f(f(X1,f(X2,X3)),X1)=f(f(X1,X1),X2)), inference(rw,[status(thm)],[inference(spm,[status(thm)],[c_0_5, c_0_3]), c_0_11])).
cnf(c_0_14, negated_conjecture, (esk1_0!=f(f(f(esk1_0,esk1_0),f(esk2_0,esk3_0)),esk2_0)), inference(split_conjunct,[status(thm)],[c_0_12])).
cnf(c_0_15, plain, (f(f(f(X1,X1),f(X2,X3)),X2)=X1), inference(rw,[status(thm)],[c_0_5, c_0_13])).
cnf(c_0_16, negated_conjecture, ($false), inference(cn,[status(thm)],[inference(rw,[status(thm)],[c_0_14, c_0_15])]), ['proof']).
% SZS output end CNFRefutation
